[INFO] Scanning for projects...
[INFO] 
[INFO] ---------------------< com.moviex:moviex-backend >----------------------
[INFO] Building Moviex Backend 1.0.0
[INFO]   from pom.xml
[INFO] --------------------------------[ jar ]---------------------------------
[INFO] 
[INFO] --- clean:3.3.2:clean (default-clean) @ moviex-backend ---
[INFO] Deleting C:\Users\diepn\OneDrive\Máy tính\Game\New folder\Moviex\backend\target
[INFO] 
[INFO] --- resources:3.3.1:resources (default-resources) @ moviex-backend ---
[INFO] Copying 1 resource from src\main\resources to target\classes
[INFO] Copying 0 resource from src\main\resources to target\classes
[INFO] 
[INFO] --- compiler:3.11.0:compile (default-compile) @ moviex-backend ---
[INFO] Changes detected - recompiling the module! :source
[INFO] Compiling 23 source files with javac [debug release 17] to target\classes
[INFO] ------------------------------------------------------------------------
[INFO] BUILD SUCCESS
[INFO] ------------------------------------------------------------------------
[INFO] Total time:  5.191 s
[INFO] Finished at: 2026-03-23T11:47:19+07:00
[INFO] ------------------------------------------------------------------------
